// Jest Snapshot v1, https://goo.gl/fbAQLP

exports[`ArticleTestItem tests renders correctly 1`] = `
<div>
  <li
    class="container"
  >
    <article
      class="article"
    >
      <div
        class="wrapper"
      >
        <h2
          class="title"
        />
      </div>
      <button
        class="button"
      >
        Show more
      </button>
    </article>
  </li>
</div>
`;
